Command line invocation:
    /Applications/Xcode_26.6.app/Contents/Developer/usr/bin/xcodebuild -project /Users/runner/work/dohoangvinh/dohoangvinh/ThreeOneOSFive.xcodeproj -scheme OGIOS -configuration Release -sdk iphoneos -archivePath /Users/runner/work/dohoangvinh/dohoangvinh/build/HYperRegedit-original-identity.xcarchive CODE_SIGNING_ALLOWED=NO CODE_SIGNING_REQUIRED=NO CODE_SIGN_IDENTITY= archive

Build settings from command line:
    CODE_SIGN_IDENTITY = 
    CODE_SIGNING_ALLOWED = NO
    CODE_SIGNING_REQUIRED = NO
    SDKROOT = iphoneos26.5

--- xcodebuild: WARNING: Using the first of multiple matching destinations:
{ platform:iOS, id:dvtdevice-DVTiPhonePlaceholder-iphoneos:placeholder, name:Any iOS Device }
{ platform:iOS Simulator, id:dvtdevice-DVTiOSDeviceSimulatorPlaceholder-iphonesimulator:placeholder, name:Any iOS Simulator Device }
{ platform:macOS, arch:arm64, variant:Designed for [iPad,iPhone], id:9247dcadcc4a5131972ffaffc21d10518b55e7bc, name:My Mac }
note: Using codesigning identity override: 
ComputePackagePrebuildTargetDependencyGraph

Prepare packages

CreateBuildRequest

SendProjectDescription

CreateBuildOperation

ComputeTargetDependencyGraph
note: Building targets in dependency order
note: Target dependency graph (1 target)
    Target 'OGIOS' in project 'ThreeOneOSFive' (no dependencies)

GatherProvisioningInputs

CreateBuildDescription

ExecuteExternalTool /Applications/Xcode_26.6.app/Contents/Developer/Toolchains/XcodeDefault.xctoolchain/usr/bin/clang -v -E -dM -arch arm64 -isysroot /Applications/Xcode_26.6.app/Contents/Developer/Platforms/iPhoneOS.platform/Developer/SDKs/iPhoneOS26.5.sdk -x c -c /dev/null

ExecuteExternalTool /Applications/Xcode_26.6.app/Contents/Developer/Toolchains/XcodeDefault.xctoolchain/usr/bin/clang -v -E -dM -isysroot /Applications/Xcode_26.6.app/Contents/Developer/Platforms/iPhoneOS.platform/Developer/SDKs/iPhoneOS26.5.sdk -x c -c /dev/null

ExecuteExternalTool /Applications/Xcode_26.6.app/Contents/Developer/Toolchains/XcodeDefault.xctoolchain/usr/bin/clang -v -E -dM -arch arm64 -isysroot /Applications/Xcode_26.6.app/Contents/Developer/Platforms/iPhoneOS.platform/Developer/SDKs/iPhoneOS26.5.sdk -x objective-c -c /dev/null

ExecuteExternalTool /Applications/Xcode_26.6.app/Contents/Developer/usr/bin/actool --print-asset-tag-combinations --output-format xml1 /Users/runner/work/dohoangvinh/dohoangvinh/ThreeOneOSFive/Assets.xcassets

ExecuteExternalTool /Applications/Xcode_26.6.app/Contents/Developer/usr/bin/actool --version --output-format xml1

ExecuteExternalTool /Applications/Xcode_26.6.app/Contents/Developer/Toolchains/XcodeDefault.xctoolchain/usr/bin/swiftc --version

ExecuteExternalTool /Applications/Xcode_26.6.app/Contents/Developer/Toolchains/XcodeDefault.xctoolchain/usr/bin/ld -version_details

Build description signature: 0c015be7e8a4d91c8fe8cd5558e13c9b
Build description path: /Users/runner/Library/Developer/Xcode/DerivedData/ThreeOneOSFive-gfwwzaakpyztkfcwhjgqewenjxvk/Build/Intermediates.noindex/ArchiveIntermediates/OGIOS/IntermediateBuildFilesPath/XCBuildData/0c015be7e8a4d91c8fe8cd5558e13c9b.xcbuilddata
CreateBuildDirectory /Users/runner/Library/Developer/Xcode/DerivedData/ThreeOneOSFive-gfwwzaakpyztkfcwhjgqewenjxvk/Build/Intermediates.noindex/ArchiveIntermediates/OGIOS/InstallationBuildProductsLocation
    cd /Users/runner/work/dohoangvinh/dohoangvinh/ThreeOneOSFive.xcodeproj
    builtin-create-build-directory /Users/runner/Library/Developer/Xcode/DerivedData/ThreeOneOSFive-gfwwzaakpyztkfcwhjgqewenjxvk/Build/Intermediates.noindex/ArchiveIntermediates/OGIOS/InstallationBuildProductsLocation

ClangStatCache /Applications/Xcode_26.6.app/Contents/Developer/Toolchains/XcodeDefault.xctoolchain/usr/bin/clang-stat-cache /Applications/Xcode_26.6.app/Contents/Developer/Platforms/iPhoneOS.platform/Developer/SDKs/iPhoneOS26.5.sdk /Users/runner/Library/Developer/Xcode/DerivedData/SDKStatCaches.noindex/iphoneos26.5-23F81a-688ef53f1462e2c8f657fdc38a81448fee66e23052a0157c865c76b268046726.sdkstatcache
    cd /Users/runner/work/dohoangvinh/dohoangvinh/ThreeOneOSFive.xcodeproj
    /Applications/Xcode_26.6.app/Contents/Developer/Toolchains/XcodeDefault.xctoolchain/usr/bin/clang-stat-cache /Applications/Xcode_26.6.app/Contents/Developer/Platforms/iPhoneOS.platform/Developer/SDKs/iPhoneOS26.5.sdk -o /Users/runner/Library/Developer/Xcode/DerivedData/SDKStatCaches.noindex/iphoneos26.5-23F81a-688ef53f1462e2c8f657fdc38a81448fee66e23052a0157c865c76b268046726.sdkstatcache

CreateBuildDirectory /Users/runner/Library/Developer/Xcode/DerivedData/ThreeOneOSFive-gfwwzaakpyztkfcwhjgqewenjxvk/Build/Intermediates.noindex/ArchiveIntermediates/OGIOS/IntermediateBuildFilesPath
    cd /Users/runner/work/dohoangvinh/dohoangvinh/ThreeOneOSFive.xcodeproj
    builtin-create-build-directory /Users/runner/Library/Developer/Xcode/DerivedData/ThreeOneOSFive-gfwwzaakpyztkfcwhjgqewenjxvk/Build/Intermediates.noindex/ArchiveIntermediates/OGIOS/IntermediateBuildFilesPath

CreateBuildDirectory /Users/runner/Library/Developer/Xcode/DerivedData/ThreeOneOSFive-gfwwzaakpyztkfcwhjgqewenjxvk/Build/Intermediates.noindex/ArchiveIntermediates/OGIOS/BuildProductsPath
    cd /Users/runner/work/dohoangvinh/dohoangvinh/ThreeOneOSFive.xcodeproj
    builtin-create-build-directory /Users/runner/Library/Developer/Xcode/DerivedData/ThreeOneOSFive-gfwwzaakpyztkfcwhjgqewenjxvk/Build/Intermediates.noindex/ArchiveIntermediates/OGIOS/BuildProductsPath

WriteAuxiliaryFile /Users/runner/Library/Developer/Xcode/DerivedData/ThreeOneOSFive-gfwwzaakpyztkfcwhjgqewenjxvk/Build/Intermediates.noindex/ArchiveIntermediates/OGIOS/IntermediateBuildFilesPath/ThreeOneOSFive.build/Release-iphoneos/ThreeOneOSFive-1636f3959483af0787f0822bdcd5f227-VFS-iphoneos/all-product-headers.yaml
    cd /Users/runner/work/dohoangvinh/dohoangvinh/ThreeOneOSFive.xcodeproj
    write-file /Users/runner/Library/Developer/Xcode/DerivedData/ThreeOneOSFive-gfwwzaakpyztkfcwhjgqewenjxvk/Build/Intermediates.noindex/ArchiveIntermediates/OGIOS/IntermediateBuildFilesPath/ThreeOneOSFive.build/Release-iphoneos/ThreeOneOSFive-1636f3959483af0787f0822bdcd5f227-VFS-iphoneos/all-product-headers.yaml

CreateBuildDirectory /Users/runner/Library/Developer/Xcode/DerivedData/ThreeOneOSFive-gfwwzaakpyztkfcwhjgqewenjxvk/Build/Intermediates.noindex/ArchiveIntermediates/OGIOS/IntermediateBuildFilesPath/SwiftExplicitPrecompiledModules
    cd /Users/runner/work/dohoangvinh/dohoangvinh/ThreeOneOSFive.xcodeproj
    builtin-create-build-directory /Users/runner/Library/Developer/Xcode/DerivedData/ThreeOneOSFive-gfwwzaakpyztkfcwhjgqewenjxvk/Build/Intermediates.noindex/ArchiveIntermediates/OGIOS/IntermediateBuildFilesPath/SwiftExplicitPrecompiledModules

CreateBuildDirectory /Users/runner/Library/Developer/Xcode/DerivedData/ThreeOneOSFive-gfwwzaakpyztkfcwhjgqewenjxvk/Build/Intermediates.noindex/ArchiveIntermediates/OGIOS/IntermediateBuildFilesPath/ExplicitPrecompiledModules
    cd /Users/runner/work/dohoangvinh/dohoangvinh/ThreeOneOSFive.xcodeproj
    builtin-create-build-directory /Users/runner/Library/Developer/Xcode/DerivedData/ThreeOneOSFive-gfwwzaakpyztkfcwhjgqewenjxvk/Build/Intermediates.noindex/ArchiveIntermediates/OGIOS/IntermediateBuildFilesPath/ExplicitPrecompiledModules

CreateBuildDirectory /Users/runner/Library/Developer/Xcode/DerivedData/ThreeOneOSFive-gfwwzaakpyztkfcwhjgqewenjxvk/Build/Intermediates.noindex/ArchiveIntermediates/OGIOS/IntermediateBuildFilesPath/EagerLinkingTBDs/Release-iphoneos
    cd /Users/runner/work/dohoangvinh/dohoangvinh/ThreeOneOSFive.xcodeproj
    builtin-create-build-directory /Users/runner/Library/Developer/Xcode/DerivedData/ThreeOneOSFive-gfwwzaakpyztkfcwhjgqewenjxvk/Build/Intermediates.noindex/ArchiveIntermediates/OGIOS/IntermediateBuildFilesPath/EagerLinkingTBDs/Release-iphoneos

CreateBuildDirectory /Users/runner/Library/Developer/Xcode/DerivedData/ThreeOneOSFive-gfwwzaakpyztkfcwhjgqewenjxvk/Build/Intermediates.noindex/ArchiveIntermediates/OGIOS/BuildProductsPath/Release-iphoneos
    cd /Users/runner/work/dohoangvinh/dohoangvinh/ThreeOneOSFive.xcodeproj
    builtin-create-build-directory /Users/runner/Library/Developer/Xcode/DerivedData/ThreeOneOSFive-gfwwzaakpyztkfcwhjgqewenjxvk/Build/Intermediates.noindex/ArchiveIntermediates/OGIOS/BuildProductsPath/Release-iphoneos

WriteAuxiliaryFile /Users/runner/Library/Developer/Xcode/DerivedData/ThreeOneOSFive-gfwwzaakpyztkfcwhjgqewenjxvk/Build/Intermediates.noindex/ArchiveIntermediates/OGIOS/IntermediateBuildFilesPath/ThreeOneOSFive.build/Release-iphoneos/OGIOS.build/Objects-normal/arm64/e6072d4f65d7061329687fe24e3d63a7-common-args.resp (in target 'OGIOS' from project 'ThreeOneOSFive')
    cd /Users/runner/work/dohoangvinh/dohoangvinh
    write-file /Users/runner/Library/Developer/Xcode/DerivedData/ThreeOneOSFive-gfwwzaakpyztkfcwhjgqewenjxvk/Build/Intermediates.noindex/ArchiveIntermediates/OGIOS/IntermediateBuildFilesPath/ThreeOneOSFive.build/Release-iphoneos/OGIOS.build/Objects-normal/arm64/e6072d4f65d7061329687fe24e3d63a7-common-args.resp
'-std=gnu17' -fobjc-arc -fobjc-weak -fmodules -gmodules '-fmodules-cache-path=/Users/runner/Library/Developer/Xcode/DerivedData/ModuleCache.noindex' -fpascal-strings -Os -fno-common '-DNS_BLOCK_ASSERTIONS=1' '-DOBJC_OLD_DISPATCH_PROTOTYPES=0' -g '-fvisibility=hidden' -iquote /Users/runner/Library/Developer/Xcode/DerivedData/ThreeOneOSFive-gfwwzaakpyztkfcwhjgqewenjxvk/Build/Intermediates.noindex/ArchiveIntermediates/OGIOS/IntermediateBuildFilesPath/ThreeOneOSFive.build/Release-iphoneos/OGIOS.build/OGIOS-generated-files.hmap -I/Users/runner/Library/Developer/Xcode/DerivedData/ThreeOneOSFive-gfwwzaakpyztkfcwhjgqewenjxvk/Build/Intermediates.noindex/ArchiveIntermediates/OGIOS/IntermediateBuildFilesPath/ThreeOneOSFive.build/Release-iphoneos/OGIOS.build/OGIOS-own-target-headers.hmap -I/Users/runner/Library/Developer/Xcode/DerivedData/ThreeOneOSFive-gfwwzaakpyztkfcwhjgqewenjxvk/Build/Intermediates.noindex/ArchiveIntermediates/OGIOS/IntermediateBuildFilesPath/ThreeOneOSFive.build/Release-iphoneos/OGIOS.build/OGIOS-all-target-headers.hmap -iquote /Users/runner/Library/Developer/Xcode/DerivedData/ThreeOneOSFive-gfwwzaakpyztkfcwhjgqewenjxvk/Build/Intermediates.noindex/ArchiveIntermediates/OGIOS/IntermediateBuildFilesPath/ThreeOneOSFive.build/Release-iphoneos/OGIOS.build/OGIOS-project-headers.hmap -I/Users/runner/Library/Developer/Xcode/DerivedData/ThreeOneOSFive-gfwwzaakpyztkfcwhjgqewenjxvk/Build/Intermediates.noindex/ArchiveIntermediates/OGIOS/BuildProductsPath/Release-iphoneos/include -I/Users/runner/Library/Developer/Xcode/DerivedData/ThreeOneOSFive-gfwwzaakpyztkfcwhjgqewenjxvk/Build/Intermediates.noindex/ArchiveIntermediates/OGIOS/IntermediateBuildFilesPath/ThreeOneOSFive.build/Release-iphoneos/OGIOS.build/DerivedSources-normal/arm64 -I/Users/runner/Library/Developer/Xcode/DerivedData/ThreeOneOSFive-gfwwzaakpyztkfcwhjgqewenjxvk/Build/Intermediates.noindex/ArchiveIntermediates/OGIOS/IntermediateBuildFilesPath/ThreeOneOSFive.build/Release-iphoneos/OGIOS.build/DerivedSources/arm64 -I/Users/runner/Library/Developer/Xcode/DerivedData/ThreeOneOSFive-gfwwzaakpyztkfcwhjgqewenjxvk/Build/Intermediates.noindex/ArchiveIntermediates/OGIOS/IntermediateBuildFilesPath/ThreeOneOSFive.build/Release-iphoneos/OGIOS.build/DerivedSources -F/Users/runner/Library/Developer/Xcode/DerivedData/ThreeOneOSFive-gfwwzaakpyztkfcwhjgqewenjxvk/Build/Intermediates.noindex/ArchiveIntermediates/OGIOS/BuildProductsPath/Release-iphoneos

WriteAuxiliaryFile /Users/runner/Library/Developer/Xcode/DerivedData/ThreeOneOSFive-gfwwzaakpyztkfcwhjgqewenjxvk/Build/Intermediates.noindex/ArchiveIntermediates/OGIOS/IntermediateBuildFilesPath/ThreeOneOSFive.build/Release-iphoneos/OGIOS.build/Objects-normal/arm64/OGIOS_const_extract_protocols.json (in target 'OGIOS' from project 'ThreeOneOSFive')
    cd /Users/runner/work/dohoangvinh/dohoangvinh
    write-file /Users/runner/Library/Developer/Xcode/DerivedData/ThreeOneOSFive-gfwwzaakpyztkfcwhjgqewenjxvk/Build/Intermediates.noindex/ArchiveIntermediates/OGIOS/IntermediateBuildFilesPath/ThreeOneOSFive.build/Release-iphoneos/OGIOS.build/Objects-normal/arm64/OGIOS_const_extract_protocols.json

WriteAuxiliaryFile /Users/runner/Library/Developer/Xcode/DerivedData/ThreeOneOSFive-gfwwzaakpyztkfcwhjgqewenjxvk/Build/Intermediates.noindex/ArchiveIntermediates/OGIOS/IntermediateBuildFilesPath/ThreeOneOSFive.build/Release-iphoneos/OGIOS.build/Objects-normal/arm64/OGIOS.SwiftFileList (in target 'OGIOS' from project 'ThreeOneOSFive')
    cd /Users/runner/work/dohoangvinh/dohoangvinh
    write-file /Users/runner/Library/Developer/Xcode/DerivedData/ThreeOneOSFive-gfwwzaakpyztkfcwhjgqewenjxvk/Build/Intermediates.noindex/ArchiveIntermediates/OGIOS/IntermediateBuildFilesPath/ThreeOneOSFive.build/Release-iphoneos/OGIOS.build/Objects-normal/arm64/OGIOS.SwiftFileList

WriteAuxiliaryFile /Users/runner/Library/Developer/Xcode/DerivedData/ThreeOneOSFive-gfwwzaakpyztkfcwhjgqewenjxvk/Build/Intermediates.noindex/ArchiveIntermediates/OGIOS/IntermediateBuildFilesPath/ThreeOneOSFive.build/Release-iphoneos/OGIOS.build/Objects-normal/arm64/OGIOS.SwiftConstValuesFileList (in target 'OGIOS' from project 'ThreeOneOSFive')
    cd /Users/runner/work/dohoangvinh/dohoangvinh
    write-file /Users/runner/Library/Developer/Xcode/DerivedData/ThreeOneOSFive-gfwwzaakpyztkfcwhjgqewenjxvk/Build/Intermediates.noindex/ArchiveIntermediates/OGIOS/IntermediateBuildFilesPath/ThreeOneOSFive.build/Release-iphoneos/OGIOS.build/Objects-normal/arm64/OGIOS.SwiftConstValuesFileList

WriteAuxiliaryFile /Users/runner/Library/Developer/Xcode/DerivedData/ThreeOneOSFive-gfwwzaakpyztkfcwhjgqewenjxvk/Build/Intermediates.noindex/ArchiveIntermediates/OGIOS/IntermediateBuildFilesPath/ThreeOneOSFive.build/Release-iphoneos/OGIOS.build/Objects-normal/arm64/OGIOS.LinkFileList (in target 'OGIOS' from project 'ThreeOneOSFive')
    cd /Users/runner/work/dohoangvinh/dohoangvinh
    write-file /Users/runner/Library/Developer/Xcode/DerivedData/ThreeOneOSFive-gfwwzaakpyztkfcwhjgqewenjxvk/Build/Intermediates.noindex/ArchiveIntermediates/OGIOS/IntermediateBuildFilesPath/ThreeOneOSFive.build/Release-iphoneos/OGIOS.build/Objects-normal/arm64/OGIOS.LinkFileList

WriteAuxiliaryFile /Users/runner/Library/Developer/Xcode/DerivedData/ThreeOneOSFive-gfwwzaakpyztkfcwhjgqewenjxvk/Build/Intermediates.noindex/ArchiveIntermediates/OGIOS/IntermediateBuildFilesPath/ThreeOneOSFive.build/Release-iphoneos/OGIOS.build/Objects-normal/arm64/OGIOS-OutputFileMap.json (in target 'OGIOS' from project 'ThreeOneOSFive')
    cd /Users/runner/work/dohoangvinh/dohoangvinh
    write-file /Users/runner/Library/Developer/Xcode/DerivedData/ThreeOneOSFive-gfwwzaakpyztkfcwhjgqewenjxvk/Build/Intermediates.noindex/ArchiveIntermediates/OGIOS/IntermediateBuildFilesPath/ThreeOneOSFive.build/Release-iphoneos/OGIOS.build/Objects-normal/arm64/OGIOS-OutputFileMap.json

WriteAuxiliaryFile /Users/runner/Library/Developer/Xcode/DerivedData/ThreeOneOSFive-gfwwzaakpyztkfcwhjgqewenjxvk/Build/Intermediates.noindex/ArchiveIntermediates/OGIOS/IntermediateBuildFilesPath/ThreeOneOSFive.build/Release-iphoneos/OGIOS.build/Objects-normal/arm64/7187679823f38a2a940e0043cdf9d637-common-args.resp (in target 'OGIOS' from project 'ThreeOneOSFive')
    cd /Users/runner/work/dohoangvinh/dohoangvinh
    write-file /Users/runner/Library/Developer/Xcode/DerivedData/ThreeOneOSFive-gfwwzaakpyztkfcwhjgqewenjxvk/Build/Intermediates.noindex/ArchiveIntermediates/OGIOS/IntermediateBuildFilesPath/ThreeOneOSFive.build/Release-iphoneos/OGIOS.build/Objects-normal/arm64/7187679823f38a2a940e0043cdf9d637-common-args.resp
'-std=gnu17' -fmodules -gmodules '-fmodules-cache-path=/Users/runner/Library/Developer/Xcode/DerivedData/ModuleCache.noindex' -fpascal-strings -Os -fno-common -g '-fvisibility=hidden' -iquote /Users/runner/Library/Developer/Xcode/DerivedData/ThreeOneOSFive-gfwwzaakpyztkfcwhjgqewenjxvk/Build/Intermediates.noindex/ArchiveIntermediates/OGIOS/IntermediateBuildFilesPath/ThreeOneOSFive.build/Release-iphoneos/OGIOS.build/OGIOS-generated-files.hmap -I/Users/runner/Library/Developer/Xcode/DerivedData/ThreeOneOSFive-gfwwzaakpyztkfcwhjgqewenjxvk/Build/Intermediates.noindex/ArchiveIntermediates/OGIOS/IntermediateBuildFilesPath/ThreeOneOSFive.build/Release-iphoneos/OGIOS.build/OGIOS-own-target-headers.hmap -I/Users/runner/Library/Developer/Xcode/DerivedData/ThreeOneOSFive-gfwwzaakpyztkfcwhjgqewenjxvk/Build/Intermediates.noindex/ArchiveIntermediates/OGIOS/IntermediateBuildFilesPath/ThreeOneOSFive.build/Release-iphoneos/OGIOS.build/OGIOS-all-target-headers.hmap -iquote /Users/runner/Library/Developer/Xcode/DerivedData/ThreeOneOSFive-gfwwzaakpyztkfcwhjgqewenjxvk/Build/Intermediates.noindex/ArchiveIntermediates/OGIOS/IntermediateBuildFilesPath/ThreeOneOSFive.build/Release-iphoneos/OGIOS.build/OGIOS-project-headers.hmap -I/Users/runner/Library/Developer/Xcode/DerivedData/ThreeOneOSFive-gfwwzaakpyztkfcwhjgqewenjxvk/Build/Intermediates.noindex/ArchiveIntermediates/OGIOS/BuildProductsPath/Release-iphoneos/include -I/Users/runner/Library/Developer/Xcode/DerivedData/ThreeOneOSFive-gfwwzaakpyztkfcwhjgqewenjxvk/Build/Intermediates.noindex/ArchiveIntermediates/OGIOS/IntermediateBuildFilesPath/ThreeOneOSFive.build/Release-iphoneos/OGIOS.build/DerivedSources-normal/arm64 -I/Users/runner/Library/Developer/Xcode/DerivedData/ThreeOneOSFive-gfwwzaakpyztkfcwhjgqewenjxvk/Build/Intermediates.noindex/ArchiveIntermediates/OGIOS/IntermediateBuildFilesPath/ThreeOneOSFive.build/Release-iphoneos/OGIOS.build/DerivedSources/arm64 -I/Users/runner/Library/Developer/Xcode/DerivedData/ThreeOneOSFive-gfwwzaakpyztkfcwhjgqewenjxvk/Build/Intermediates.noindex/ArchiveIntermediates/OGIOS/IntermediateBuildFilesPath/ThreeOneOSFive.build/Release-iphoneos/OGIOS.build/DerivedSources -F/Users/runner/Library/Developer/Xcode/DerivedData/ThreeOneOSFive-gfwwzaakpyztkfcwhjgqewenjxvk/Build/Intermediates.noindex/ArchiveIntermediates/OGIOS/BuildProductsPath/Release-iphoneos

WriteAuxiliaryFile /Users/runner/Library/Developer/Xcode/DerivedData/ThreeOneOSFive-gfwwzaakpyztkfcwhjgqewenjxvk/Build/Intermediates.noindex/ArchiveIntermediates/OGIOS/IntermediateBuildFilesPath/ThreeOneOSFive.build/Release-iphoneos/OGIOS.build/OGIOS.hmap (in target 'OGIOS' from project 'ThreeOneOSFive')
    cd /Users/runner/work/dohoangvinh/dohoangvinh
    write-file /Users/runner/Library/Developer/Xcode/DerivedData/ThreeOneOSFive-gfwwzaakpyztkfcwhjgqewenjxvk/Build/Intermediates.noindex/ArchiveIntermediates/OGIOS/IntermediateBuildFilesPath/ThreeOneOSFive.build/Release-iphoneos/OGIOS.build/OGIOS.hmap

WriteAuxiliaryFile /Users/runner/Library/Developer/Xcode/DerivedData/ThreeOneOSFive-gfwwzaakpyztkfcwhjgqewenjxvk/Build/Intermediates.noindex/ArchiveIntermediates/OGIOS/IntermediateBuildFilesPath/ThreeOneOSFive.build/Release-iphoneos/OGIOS.build/OGIOS.DependencyStaticMetadataFileList (in target 'OGIOS' from project 'ThreeOneOSFive')
    cd /Users/runner/work/dohoangvinh/dohoangvinh
    write-file /Users/runner/Library/Developer/Xcode/DerivedData/ThreeOneOSFive-gfwwzaakpyztkfcwhjgqewenjxvk/Build/Intermediates.noindex/ArchiveIntermediates/OGIOS/IntermediateBuildFilesPath/ThreeOneOSFive.build/Release-iphoneos/OGIOS.build/OGIOS.DependencyStaticMetadataFileList

WriteAuxiliaryFile /Users/runner/Library/Developer/Xcode/DerivedData/ThreeOneOSFive-gfwwzaakpyztkfcwhjgqewenjxvk/Build/Intermediates.noindex/ArchiveIntermediates/OGIOS/IntermediateBuildFilesPath/ThreeOneOSFive.build/Release-iphoneos/OGIOS.build/OGIOS.DependencyMetadataFileList (in target 'OGIOS' from project 'ThreeOneOSFive')
    cd /Users/runner/work/dohoangvinh/dohoangvinh
    write-file /Users/runner/Library/Developer/Xcode/DerivedData/ThreeOneOSFive-gfwwzaakpyztkfcwhjgqewenjxvk/Build/Intermediates.noindex/ArchiveIntermediates/OGIOS/IntermediateBuildFilesPath/ThreeOneOSFive.build/Release-iphoneos/OGIOS.build/OGIOS.DependencyMetadataFileList

WriteAuxiliaryFile /Users/runner/Library/Developer/Xcode/DerivedData/ThreeOneOSFive-gfwwzaakpyztkfcwhjgqewenjxvk/Build/Intermediates.noindex/ArchiveIntermediates/OGIOS/IntermediateBuildFilesPath/ThreeOneOSFive.build/Release-iphoneos/OGIOS.build/OGIOS-project-headers.hmap (in target 'OGIOS' from project 'ThreeOneOSFive')
    cd /Users/runner/work/dohoangvinh/dohoangvinh
    write-file /Users/runner/Library/Developer/Xcode/DerivedData/ThreeOneOSFive-gfwwzaakpyztkfcwhjgqewenjxvk/Build/Intermediates.noindex/ArchiveIntermediates/OGIOS/IntermediateBuildFilesPath/ThreeOneOSFive.build/Release-iphoneos/OGIOS.build/OGIOS-project-headers.hmap

WriteAuxiliaryFile /Users/runner/Library/Developer/Xcode/DerivedData/ThreeOneOSFive-gfwwzaakpyztkfcwhjgqewenjxvk/Build/Intermediates.noindex/ArchiveIntermediates/OGIOS/IntermediateBuildFilesPath/ThreeOneOSFive.build/Release-iphoneos/OGIOS.build/OGIOS-own-target-headers.hmap (in target 'OGIOS' from project 'ThreeOneOSFive')
    cd /Users/runner/work/dohoangvinh/dohoangvinh
    write-file /Users/runner/Library/Developer/Xcode/DerivedData/ThreeOneOSFive-gfwwzaakpyztkfcwhjgqewenjxvk/Build/Intermediates.noindex/ArchiveIntermediates/OGIOS/IntermediateBuildFilesPath/ThreeOneOSFive.build/Release-iphoneos/OGIOS.build/OGIOS-own-target-headers.hmap

WriteAuxiliaryFile /Users/runner/Library/Developer/Xcode/DerivedData/ThreeOneOSFive-gfwwzaakpyztkfcwhjgqewenjxvk/Build/Intermediates.noindex/ArchiveIntermediates/OGIOS/IntermediateBuildFilesPath/ThreeOneOSFive.build/Release-iphoneos/OGIOS.build/OGIOS-generated-files.hmap (in target 'OGIOS' from project 'ThreeOneOSFive')
    cd /Users/runner/work/dohoangvinh/dohoangvinh
    write-file /Users/runner/Library/Developer/Xcode/DerivedData/ThreeOneOSFive-gfwwzaakpyztkfcwhjgqewenjxvk/Build/Intermediates.noindex/ArchiveIntermediates/OGIOS/IntermediateBuildFilesPath/ThreeOneOSFive.build/Release-iphoneos/OGIOS.build/OGIOS-generated-files.hmap

WriteAuxiliaryFile /Users/runner/Library/Developer/Xcode/DerivedData/ThreeOneOSFive-gfwwzaakpyztkfcwhjgqewenjxvk/Build/Intermediates.noindex/ArchiveIntermediates/OGIOS/IntermediateBuildFilesPath/ThreeOneOSFive.build/Release-iphoneos/OGIOS.build/OGIOS-all-target-headers.hmap (in target 'OGIOS' from project 'ThreeOneOSFive')
    cd /Users/runner/work/dohoangvinh/dohoangvinh
    write-file /Users/runner/Library/Developer/Xcode/DerivedData/ThreeOneOSFive-gfwwzaakpyztkfcwhjgqewenjxvk/Build/Intermediates.noindex/ArchiveIntermediates/OGIOS/IntermediateBuildFilesPath/ThreeOneOSFive.build/Release-iphoneos/OGIOS.build/OGIOS-all-target-headers.hmap

WriteAuxiliaryFile /Users/runner/Library/Developer/Xcode/DerivedData/ThreeOneOSFive-gfwwzaakpyztkfcwhjgqewenjxvk/Build/Intermediates.noindex/ArchiveIntermediates/OGIOS/IntermediateBuildFilesPath/ThreeOneOSFive.build/Release-iphoneos/OGIOS.build/OGIOS-all-non-framework-target-headers.hmap (in target 'OGIOS' from project 'ThreeOneOSFive')
    cd /Users/runner/work/dohoangvinh/dohoangvinh
    write-file /Users/runner/Library/Developer/Xcode/DerivedData/ThreeOneOSFive-gfwwzaakpyztkfcwhjgqewenjxvk/Build/Intermediates.noindex/ArchiveIntermediates/OGIOS/IntermediateBuildFilesPath/ThreeOneOSFive.build/Release-iphoneos/OGIOS.build/OGIOS-all-non-framework-target-headers.hmap

SymLink /Users/runner/Library/Developer/Xcode/DerivedData/ThreeOneOSFive-gfwwzaakpyztkfcwhjgqewenjxvk/Build/Intermediates.noindex/ArchiveIntermediates/OGIOS/BuildProductsPath/Release-iphoneos/OGIOS.app ../../InstallationBuildProductsLocation/Applications/OGIOS.app (in target 'OGIOS' from project 'ThreeOneOSFive')
    cd /Users/runner/work/dohoangvinh/dohoangvinh
    /bin/ln -sfh ../../InstallationBuildProductsLocation/Applications/OGIOS.app /Users/runner/Library/Developer/Xcode/DerivedData/ThreeOneOSFive-gfwwzaakpyztkfcwhjgqewenjxvk/Build/Intermediates.noindex/ArchiveIntermediates/OGIOS/BuildProductsPath/Release-iphoneos/OGIOS.app

MkDir /Users/runner/Library/Developer/Xcode/DerivedData/ThreeOneOSFive-gfwwzaakpyztkfcwhjgqewenjxvk/Build/Intermediates.noindex/ArchiveIntermediates/OGIOS/InstallationBuildProductsLocation/Applications/OGIOS.app (in target 'OGIOS' from project 'ThreeOneOSFive')
    cd /Users/runner/work/dohoangvinh/dohoangvinh
    /bin/mkdir -p /Users/runner/Library/Developer/Xcode/DerivedData/ThreeOneOSFive-gfwwzaakpyztkfcwhjgqewenjxvk/Build/Intermediates.noindex/ArchiveIntermediates/OGIOS/InstallationBuildProductsLocation/Applications/OGIOS.app

MkDir /Users/runner/Library/Developer/Xcode/DerivedData/ThreeOneOSFive-gfwwzaakpyztkfcwhjgqewenjxvk/Build/Intermediates.noindex/ArchiveIntermediates/OGIOS/IntermediateBuildFilesPath/ThreeOneOSFive.build/Release-iphoneos/OGIOS.build/assetcatalog_output/unthinned (in target 'OGIOS' from project 'ThreeOneOSFive')
    cd /Users/runner/work/dohoangvinh/dohoangvinh
    /bin/mkdir -p /Users/runner/Library/Developer/Xcode/DerivedData/ThreeOneOSFive-gfwwzaakpyztkfcwhjgqewenjxvk/Build/Intermediates.noindex/ArchiveIntermediates/OGIOS/IntermediateBuildFilesPath/ThreeOneOSFive.build/Release-iphoneos/OGIOS.build/assetcatalog_output/unthinned

MkDir /Users/runner/Library/Developer/Xcode/DerivedData/ThreeOneOSFive-gfwwzaakpyztkfcwhjgqewenjxvk/Build/Intermediates.noindex/ArchiveIntermediates/OGIOS/IntermediateBuildFilesPath/ThreeOneOSFive.build/Release-iphoneos/OGIOS.build/assetcatalog_output/thinned (in target 'OGIOS' from project 'ThreeOneOSFive')
    cd /Users/runner/work/dohoangvinh/dohoangvinh
    /bin/mkdir -p /Users/runner/Library/Developer/Xcode/DerivedData/ThreeOneOSFive-gfwwzaakpyztkfcwhjgqewenjxvk/Build/Intermediates.noindex/ArchiveIntermediates/OGIOS/IntermediateBuildFilesPath/ThreeOneOSFive.build/Release-iphoneos/OGIOS.build/assetcatalog_output/thinned

GenerateAssetSymbols /Users/runner/work/dohoangvinh/dohoangvinh/ThreeOneOSFive/Assets.xcassets (in target 'OGIOS' from project 'ThreeOneOSFive')
    cd /Users/runner/work/dohoangvinh/dohoangvinh
    /Applications/Xcode_26.6.app/Contents/Developer/usr/bin/actool /Users/runner/work/dohoangvinh/dohoangvinh/ThreeOneOSFive/Assets.xcassets --compile /Users/runner/Library/Developer/Xcode/DerivedData/ThreeOneOSFive-gfwwzaakpyztkfcwhjgqewenjxvk/Build/Intermediates.noindex/ArchiveIntermediates/OGIOS/InstallationBuildProductsLocation/Applications/OGIOS.app --output-format human-readable-text --notices --warnings --export-dependency-info /Users/runner/Library/Developer/Xcode/DerivedData/ThreeOneOSFive-gfwwzaakpyztkfcwhjgqewenjxvk/Build/Intermediates.noindex/ArchiveIntermediates/OGIOS/IntermediateBuildFilesPath/ThreeOneOSFive.build/Release-iphoneos/OGIOS.build/assetcatalog_dependencies --output-partial-info-plist /Users/runner/Library/Developer/Xcode/DerivedData/ThreeOneOSFive-gfwwzaakpyztkfcwhjgqewenjxvk/Build/Intermediates.noindex/ArchiveIntermediates/OGIOS/IntermediateBuildFilesPath/ThreeOneOSFive.build/Release-iphoneos/OGIOS.build/assetcatalog_generated_info.plist --app-icon AppIcon --compress-pngs --enable-on-demand-resources YES --development-region en --target-device iphone --target-device ipad --minimum-deployment-target 16.0 --platform iphoneos --bundle-identifier com.apple.mobile.MobileHouseArrest --generate-swift-asset-symbols /Users/runner/Library/Developer/Xcode/DerivedData/ThreeOneOSFive-gfwwzaakpyztkfcwhjgqewenjxvk/Build/Intermediates.noindex/ArchiveIntermediates/OGIOS/IntermediateBuildFilesPath/ThreeOneOSFive.build/Release-iphoneos/OGIOS.build/DerivedSources/GeneratedAssetSymbols.swift --generate-objc-asset-symbols /Users/runner/Library/Developer/Xcode/DerivedData/ThreeOneOSFive-gfwwzaakpyztkfcwhjgqewenjxvk/Build/Intermediates.noindex/ArchiveIntermediates/OGIOS/IntermediateBuildFilesPath/ThreeOneOSFive.build/Release-iphoneos/OGIOS.build/DerivedSources/GeneratedAssetSymbols.h --generate-asset-symbol-index /Users/runner/Library/Developer/Xcode/DerivedData/ThreeOneOSFive-gfwwzaakpyztkfcwhjgqewenjxvk/Build/Intermediates.noindex/ArchiveIntermediates/OGIOS/IntermediateBuildFilesPath/ThreeOneOSFive.build/Release-iphoneos/OGIOS.build/DerivedSources/GeneratedAssetSymbols-Index.plist
/* com.apple.actool.compilation-results */
/Users/runner/Library/Developer/Xcode/DerivedData/ThreeOneOSFive-gfwwzaakpyztkfcwhjgqewenjxvk/Build/Intermediates.noindex/ArchiveIntermediates/OGIOS/IntermediateBuildFilesPath/ThreeOneOSFive.build/Release-iphoneos/OGIOS.build/DerivedSources/GeneratedAssetSymbols-Index.plist
/Users/runner/Library/Developer/Xcode/DerivedData/ThreeOneOSFive-gfwwzaakpyztkfcwhjgqewenjxvk/Build/Intermediates.noindex/ArchiveIntermediates/OGIOS/IntermediateBuildFilesPath/ThreeOneOSFive.build/Release-iphoneos/OGIOS.build/DerivedSources/GeneratedAssetSymbols.h
/Users/runner/Library/Developer/Xcode/DerivedData/ThreeOneOSFive-gfwwzaakpyztkfcwhjgqewenjxvk/Build/Intermediates.noindex/ArchiveIntermediates/OGIOS/IntermediateBuildFilesPath/ThreeOneOSFive.build/Release-iphoneos/OGIOS.build/DerivedSources/GeneratedAssetSymbols.swift


CpResource /Users/runner/Library/Developer/Xcode/DerivedData/ThreeOneOSFive-gfwwzaakpyztkfcwhjgqewenjxvk/Build/Intermediates.noindex/ArchiveIntermediates/OGIOS/InstallationBuildProductsLocation/Applications/OGIOS.app/video /Users/runner/work/dohoangvinh/dohoangvinh/ThreeOneOSFive/video (in target 'OGIOS' from project 'ThreeOneOSFive')
    cd /Users/runner/work/dohoangvinh/dohoangvinh
    builtin-copy -exclude .DS_Store -exclude CVS -exclude .svn -exclude .git -exclude .hg -resolve-src-symlinks /Users/runner/work/dohoangvinh/dohoangvinh/ThreeOneOSFive/video /Users/runner/Library/Developer/Xcode/DerivedData/ThreeOneOSFive-gfwwzaakpyztkfcwhjgqewenjxvk/Build/Intermediates.noindex/ArchiveIntermediates/OGIOS/InstallationBuildProductsLocation/Applications/OGIOS.app

CpResource /Users/runner/Library/Developer/Xcode/DerivedData/ThreeOneOSFive-gfwwzaakpyztkfcwhjgqewenjxvk/Build/Intermediates.noindex/ArchiveIntermediates/OGIOS/InstallationBuildProductsLocation/Applications/OGIOS.app/dns /Users/runner/work/dohoangvinh/dohoangvinh/ThreeOneOSFive/dns (in target 'OGIOS' from project 'ThreeOneOSFive')
    cd /Users/runner/work/dohoangvinh/dohoangvinh
    builtin-copy -exclude .DS_Store -exclude CVS -exclude .svn -exclude .git -exclude .hg -resolve-src-symlinks /Users/runner/work/dohoangvinh/dohoangvinh/ThreeOneOSFive/dns /Users/runner/Library/Developer/Xcode/DerivedData/ThreeOneOSFive-gfwwzaakpyztkfcwhjgqewenjxvk/Build/Intermediates.noindex/ArchiveIntermediates/OGIOS/InstallationBuildProductsLocation/Applications/OGIOS.app

CpResource /Users/runner/Library/Developer/Xcode/DerivedData/ThreeOneOSFive-gfwwzaakpyztkfcwhjgqewenjxvk/Build/Intermediates.noindex/ArchiveIntermediates/OGIOS/InstallationBuildProductsLocation/Applications/OGIOS.app/SKIN-1.3105 /Users/runner/work/dohoangvinh/dohoangvinh/ThreeOneOSFive/Patches/SKIN-1.3105 (in target 'OGIOS' from project 'ThreeOneOSFive')
    cd /Users/runner/work/dohoangvinh/dohoangvinh
    builtin-copy -exclude .DS_Store -exclude CVS -exclude .svn -exclude .git -exclude .hg -resolve-src-symlinks /Users/runner/work/dohoangvinh/dohoangvinh/ThreeOneOSFive/Patches/SKIN-1.3105 /Users/runner/Library/Developer/Xcode/DerivedData/ThreeOneOSFive-gfwwzaakpyztkfcwhjgqewenjxvk/Build/Intermediates.noindex/ArchiveIntermediates/OGIOS/InstallationBuildProductsLocation/Applications/OGIOS.app

CpResource /Users/runner/Library/Developer/Xcode/DerivedData/ThreeOneOSFive-gfwwzaakpyztkfcwhjgqewenjxvk/Build/Intermediates.noindex/ArchiveIntermediates/OGIOS/InstallationBuildProductsLocation/Applications/OGIOS.app/MAGICBULLET_BATSANH.3105 /Users/runner/work/dohoangvinh/dohoangvinh/ThreeOneOSFive/Patches/MAGICBULLET_BATSANH.3105 (in target 'OGIOS' from project 'ThreeOneOSFive')
    cd /Users/runner/work/dohoangvinh/dohoangvinh
    builtin-copy -exclude .DS_Store -exclude CVS -exclude .svn -exclude .git -exclude .hg -resolve-src-symlinks /Users/runner/work/dohoangvinh/dohoangvinh/ThreeOneOSFive/Patches/MAGICBULLET_BATSANH.3105 /Users/runner/Library/Developer/Xcode/DerivedData/ThreeOneOSFive-gfwwzaakpyztkfcwhjgqewenjxvk/Build/Intermediates.noindex/ArchiveIntermediates/OGIOS/InstallationBuildProductsLocation/Applications/OGIOS.app

CpResource /Users/runner/Library/Developer/Xcode/DerivedData/ThreeOneOSFive-gfwwzaakpyztkfcwhjgqewenjxvk/Build/Intermediates.noindex/ArchiveIntermediates/OGIOS/InstallationBuildProductsLocation/Applications/OGIOS.app/ESP_FREE_FIRE_TH.3105 /Users/runner/work/dohoangvinh/dohoangvinh/ThreeOneOSFive/Patches/ESP_FREE_FIRE_TH.3105 (in target 'OGIOS' from project 'ThreeOneOSFive')
    cd /Users/runner/work/dohoangvinh/dohoangvinh
    builtin-copy -exclude .DS_Store -exclude CVS -exclude .svn -exclude .git -exclude .hg -resolve-src-symlinks /Users/runner/work/dohoangvinh/dohoangvinh/ThreeOneOSFive/Patches/ESP_FREE_FIRE_TH.3105 /Users/runner/Library/Developer/Xcode/DerivedData/ThreeOneOSFive-gfwwzaakpyztkfcwhjgqewenjxvk/Build/Intermediates.noindex/ArchiveIntermediates/OGIOS/InstallationBuildProductsLocation/Applications/OGIOS.app

CpResource /Users/runner/Library/Developer/Xcode/DerivedData/ThreeOneOSFive-gfwwzaakpyztkfcwhjgqewenjxvk/Build/Intermediates.noindex/ArchiveIntermediates/OGIOS/InstallationBuildProductsLocation/Applications/OGIOS.app/ESP_FREE_FIRE_MAX.3105 /Users/runner/work/dohoangvinh/dohoangvinh/ThreeOneOSFive/Patches/ESP_FREE_FIRE_MAX.3105 (in target 'OGIOS' from project 'ThreeOneOSFive')
    cd /Users/runner/work/dohoangvinh/dohoangvinh
    builtin-copy -exclude .DS_Store -exclude CVS -exclude .svn -exclude .git -exclude .hg -resolve-src-symlinks /Users/runner/work/dohoangvinh/dohoangvinh/ThreeOneOSFive/Patches/ESP_FREE_FIRE_MAX.3105 /Users/runner/Library/Developer/Xcode/DerivedData/ThreeOneOSFive-gfwwzaakpyztkfcwhjgqewenjxvk/Build/Intermediates.noindex/ArchiveIntermediates/OGIOS/InstallationBuildProductsLocation/Applications/OGIOS.app

CpResource /Users/runner/Library/Developer/Xcode/DerivedData/ThreeOneOSFive-gfwwzaakpyztkfcwhjgqewenjxvk/Build/Intermediates.noindex/ArchiveIntermediates/OGIOS/InstallationBuildProductsLocation/Applications/OGIOS.app/CHAMS-BLUE.3105 /Users/runner/work/dohoangvinh/dohoangvinh/ThreeOneOSFive/Patches/CHAMS-BLUE.3105 (in target 'OGIOS' from project 'ThreeOneOSFive')
    cd /Users/runner/work/dohoangvinh/dohoangvinh
    builtin-copy -exclude .DS_Store -exclude CVS -exclude .svn -exclude .git -exclude .hg -resolve-src-symlinks /Users/runner/work/dohoangvinh/dohoangvinh/ThreeOneOSFive/Patches/CHAMS-BLUE.3105 /Users/runner/Library/Developer/Xcode/DerivedData/ThreeOneOSFive-gfwwzaakpyztkfcwhjgqewenjxvk/Build/Intermediates.noindex/ArchiveIntermediates/OGIOS/InstallationBuildProductsLocation/Applications/OGIOS.app

CpResource /Users/runner/Library/Developer/Xcode/DerivedData/ThreeOneOSFive-gfwwzaakpyztkfcwhjgqewenjxvk/Build/Intermediates.noindex/ArchiveIntermediates/OGIOS/InstallationBuildProductsLocation/Applications/OGIOS.app/AIMNECK_BATSANH.3105 /Users/runner/work/dohoangvinh/dohoangvinh/ThreeOneOSFive/Patches/AIMNECK_BATSANH.3105 (in target 'OGIOS' from project 'ThreeOneOSFive')
    cd /Users/runner/work/dohoangvinh/dohoangvinh
    builtin-copy -exclude .DS_Store -exclude CVS -exclude .svn -exclude .git -exclude .hg -resolve-src-symlinks /Users/runner/work/dohoangvinh/dohoangvinh/ThreeOneOSFive/Patches/AIMNECK_BATSANH.3105 /Users/runner/Library/Developer/Xcode/DerivedData/ThreeOneOSFive-gfwwzaakpyztkfcwhjgqewenjxvk/Build/Intermediates.noindex/ArchiveIntermediates/OGIOS/InstallationBuildProductsLocation/Applications/OGIOS.app

CpResource /Users/runner/Library/Developer/Xcode/DerivedData/ThreeOneOSFive-gfwwzaakpyztkfcwhjgqewenjxvk/Build/Intermediates.noindex/ArchiveIntermediates/OGIOS/InstallationBuildProductsLocation/Applications/OGIOS.app/AIMNECKANTENA_40.3105 /Users/runner/work/dohoangvinh/dohoangvinh/ThreeOneOSFive/Patches/AIMNECKANTENA_40.3105 (in target 'OGIOS' from project 'ThreeOneOSFive')
    cd /Users/runner/work/dohoangvinh/dohoangvinh
    builtin-copy -exclude .DS_Store -exclude CVS -exclude .svn -exclude .git -exclude .hg -resolve-src-symlinks /Users/runner/work/dohoangvinh/dohoangvinh/ThreeOneOSFive/Patches/AIMNECKANTENA_40.3105 /Users/runner/Library/Developer/Xcode/DerivedData/ThreeOneOSFive-gfwwzaakpyztkfcwhjgqewenjxvk/Build/Intermediates.noindex/ArchiveIntermediates/OGIOS/InstallationBuildProductsLocation/Applications/OGIOS.app

CpResource /Users/runner/Library/Developer/Xcode/DerivedData/ThreeOneOSFive-gfwwzaakpyztkfcwhjgqewenjxvk/Build/Intermediates.noindex/ArchiveIntermediates/OGIOS/InstallationBuildProductsLocation/Applications/OGIOS.app/AIMNECK.3105 /Users/runner/work/dohoangvinh/dohoangvinh/ThreeOneOSFive/Patches/AIMNECK.3105 (in target 'OGIOS' from project 'ThreeOneOSFive')
    cd /Users/runner/work/dohoangvinh/dohoangvinh
    builtin-copy -exclude .DS_Store -exclude CVS -exclude .svn -exclude .git -exclude .hg -resolve-src-symlinks /Users/runner/work/dohoangvinh/dohoangvinh/ThreeOneOSFive/Patches/AIMNECK.3105 /Users/runner/Library/Developer/Xcode/DerivedData/ThreeOneOSFive-gfwwzaakpyztkfcwhjgqewenjxvk/Build/Intermediates.noindex/ArchiveIntermediates/OGIOS/InstallationBuildProductsLocation/Applications/OGIOS.app

CpResource /Users/runner/Library/Developer/Xcode/DerivedData/ThreeOneOSFive-gfwwzaakpyztkfcwhjgqewenjxvk/Build/Intermediates.noindex/ArchiveIntermediates/OGIOS/InstallationBuildProductsLocation/Applications/OGIOS.app/AIMMALFORMATION.3105 /Users/runner/work/dohoangvinh/dohoangvinh/ThreeOneOSFive/Patches/AIMMALFORMATION.3105 (in target 'OGIOS' from project 'ThreeOneOSFive')
    cd /Users/runner/work/dohoangvinh/dohoangvinh
    builtin-copy -exclude .DS_Store -exclude CVS -exclude .svn -exclude .git -exclude .hg -resolve-src-symlinks /Users/runner/work/dohoangvinh/dohoangvinh/ThreeOneOSFive/Patches/AIMMALFORMATION.3105 /Users/runner/Library/Developer/Xcode/DerivedData/ThreeOneOSFive-gfwwzaakpyztkfcwhjgqewenjxvk/Build/Intermediates.noindex/ArchiveIntermediates/OGIOS/InstallationBuildProductsLocation/Applications/OGIOS.app

CpResource /Users/runner/Library/Developer/Xcode/DerivedData/ThreeOneOSFive-gfwwzaakpyztkfcwhjgqewenjxvk/Build/Intermediates.noindex/ArchiveIntermediates/OGIOS/InstallationBuildProductsLocation/Applications/OGIOS.app/AIMLOCKMODE.3105 /Users/runner/work/dohoangvinh/dohoangvinh/ThreeOneOSFive/Patches/AIMLOCKMODE.3105 (in target 'OGIOS' from project 'ThreeOneOSFive')
    cd /Users/runner/work/dohoangvinh/dohoangvinh
    builtin-copy -exclude .DS_Store -exclude CVS -exclude .svn -exclude .git -exclude .hg -resolve-src-symlinks /Users/runner/work/dohoangvinh/dohoangvinh/ThreeOneOSFive/Patches/AIMLOCKMODE.3105 /Users/runner/Library/Developer/Xcode/DerivedData/ThreeOneOSFive-gfwwzaakpyztkfcwhjgqewenjxvk/Build/Intermediates.noindex/ArchiveIntermediates/OGIOS/InstallationBuildProductsLocation/Applications/OGIOS.app

CpResource /Users/runner/Library/Developer/Xcode/DerivedData/ThreeOneOSFive-gfwwzaakpyztkfcwhjgqewenjxvk/Build/Intermediates.noindex/ArchiveIntermediates/OGIOS/InstallationBuildProductsLocation/Applications/OGIOS.app/AIMHEAD.3105 /Users/runner/work/dohoangvinh/dohoangvinh/ThreeOneOSFive/Patches/AIMHEAD.3105 (in target 'OGIOS' from project 'ThreeOneOSFive')
    cd /Users/runner/work/dohoangvinh/dohoangvinh
    builtin-copy -exclude .DS_Store -exclude CVS -exclude .svn -exclude .git -exclude .hg -resolve-src-symlinks /Users/runner/work/dohoangvinh/dohoangvinh/ThreeOneOSFive/Patches/AIMHEAD.3105 /Users/runner/Library/Developer/Xcode/DerivedData/ThreeOneOSFive-gfwwzaakpyztkfcwhjgqewenjxvk/Build/Intermediates.noindex/ArchiveIntermediates/OGIOS/InstallationBuildProductsLocation/Applications/OGIOS.app

CpResource /Users/runner/Library/Developer/Xcode/DerivedData/ThreeOneOSFive-gfwwzaakpyztkfcwhjgqewenjxvk/Build/Intermediates.noindex/ArchiveIntermediates/OGIOS/InstallationBuildProductsLocation/Applications/OGIOS.app/AIMDRAG_BATSANH.3105 /Users/runner/work/dohoangvinh/dohoangvinh/ThreeOneOSFive/Patches/AIMDRAG_BATSANH.3105 (in target 'OGIOS' from project 'ThreeOneOSFive')
    cd /Users/runner/work/dohoangvinh/dohoangvinh
    builtin-copy -exclude .DS_Store -exclude CVS -exclude .svn -exclude .git -exclude .hg -resolve-src-symlinks /Users/runner/work/dohoangvinh/dohoangvinh/ThreeOneOSFive/Patches/AIMDRAG_BATSANH.3105 /Users/runner/Library/Developer/Xcode/DerivedData/ThreeOneOSFive-gfwwzaakpyztkfcwhjgqewenjxvk/Build/Intermediates.noindex/ArchiveIntermediates/OGIOS/InstallationBuildProductsLocation/Applications/OGIOS.app

CpResource /Users/runner/Library/Developer/Xcode/DerivedData/ThreeOneOSFive-gfwwzaakpyztkfcwhjgqewenjxvk/Build/Intermediates.noindex/ArchiveIntermediates/OGIOS/InstallationBuildProductsLocation/Applications/OGIOS.app/AIMDRAG.3105 /Users/runner/work/dohoangvinh/dohoangvinh/ThreeOneOSFive/Patches/AIMDRAG.3105 (in target 'OGIOS' from project 'ThreeOneOSFive')
    cd /Users/runner/work/dohoangvinh/dohoangvinh
    builtin-copy -exclude .DS_Store -exclude CVS -exclude .svn -exclude .git -exclude .hg -resolve-src-symlinks /Users/runner/work/dohoangvinh/dohoangvinh/ThreeOneOSFive/Patches/AIMDRAG.3105 /Users/runner/Library/Developer/Xcode/DerivedData/ThreeOneOSFive-gfwwzaakpyztkfcwhjgqewenjxvk/Build/Intermediates.noindex/ArchiveIntermediates/OGIOS/InstallationBuildProductsLocation/Applications/OGIOS.app

CpResource /Users/runner/Library/Developer/Xcode/DerivedData/ThreeOneOSFive-gfwwzaakpyztkfcwhjgqewenjxvk/Build/Intermediates.noindex/ArchiveIntermediates/OGIOS/InstallationBuildProductsLocation/Applications/OGIOS.app/AIMCHEST_BATSANH.3105 /Users/runner/work/dohoangvinh/dohoangvinh/ThreeOneOSFive/Patches/AIMCHEST_BATSANH.3105 (in target 'OGIOS' from project 'ThreeOneOSFive')
    cd /Users/runner/work/dohoangvinh/dohoangvinh
    builtin-copy -exclude .DS_Store -exclude CVS -exclude .svn -exclude .git -exclude .hg -resolve-src-symlinks /Users/runner/work/dohoangvinh/dohoangvinh/ThreeOneOSFive/Patches/AIMCHEST_BATSANH.3105 /Users/runner/Library/Developer/Xcode/DerivedData/ThreeOneOSFive-gfwwzaakpyztkfcwhjgqewenjxvk/Build/Intermediates.noindex/ArchiveIntermediates/OGIOS/InstallationBuildProductsLocation/Applications/OGIOS.app

CpResource /Users/runner/Library/Developer/Xcode/DerivedData/ThreeOneOSFive-gfwwzaakpyztkfcwhjgqewenjxvk/Build/Intermediates.noindex/ArchiveIntermediates/OGIOS/InstallationBuildProductsLocation/Applications/OGIOS.app/AIMBODY_BATSANH.3105 /Users/runner/work/dohoangvinh/dohoangvinh/ThreeOneOSFive/Patches/AIMBODY_BATSANH.3105 (in target 'OGIOS' from project 'ThreeOneOSFive')
    cd /Users/runner/work/dohoangvinh/dohoangvinh
    builtin-copy -exclude .DS_Store -exclude CVS -exclude .svn -exclude .git -exclude .hg -resolve-src-symlinks /Users/runner/work/dohoangvinh/dohoangvinh/ThreeOneOSFive/Patches/AIMBODY_BATSANH.3105 /Users/runner/Library/Developer/Xcode/DerivedData/ThreeOneOSFive-gfwwzaakpyztkfcwhjgqewenjxvk/Build/Intermediates.noindex/ArchiveIntermediates/OGIOS/InstallationBuildProductsLocation/Applications/OGIOS.app

CpResource /Users/runner/Library/Developer/Xcode/DerivedData/ThreeOneOSFive-gfwwzaakpyztkfcwhjgqewenjxvk/Build/Intermediates.noindex/ArchiveIntermediates/OGIOS/InstallationBuildProductsLocation/Applications/OGIOS.app/AIMBODY90.3105 /Users/runner/work/dohoangvinh/dohoangvinh/ThreeOneOSFive/Patches/AIMBODY90.3105 (in target 'OGIOS' from project 'ThreeOneOSFive')
    cd /Users/runner/work/dohoangvinh/dohoangvinh
    builtin-copy -exclude .DS_Store -exclude CVS -exclude .svn -exclude .git -exclude .hg -resolve-src-symlinks /Users/runner/work/dohoangvinh/dohoangvinh/ThreeOneOSFive/Patches/AIMBODY90.3105 /Users/runner/Library/Developer/Xcode/DerivedData/ThreeOneOSFive-gfwwzaakpyztkfcwhjgqewenjxvk/Build/Intermediates.noindex/ArchiveIntermediates/OGIOS/InstallationBuildProductsLocation/Applications/OGIOS.app

CopyStringsFile /Users/runner/Library/Developer/Xcode/DerivedData/ThreeOneOSFive-gfwwzaakpyztkfcwhjgqewenjxvk/Build/Intermediates.noindex/ArchiveIntermediates/OGIOS/InstallationBuildProductsLocation/Applications/OGIOS.app/zh-Hans.lproj/Localizable.strings /Users/runner/work/dohoangvinh/dohoangvinh/ThreeOneOSFive/zh-Hans.lproj/Localizable.strings (in target 'OGIOS' from project 'ThreeOneOSFive')
    cd /Users/runner/work/dohoangvinh/dohoangvinh
    builtin-copyStrings --validate --outputencoding binary --outfilename Localizable.strings --outdir /Users/runner/Library/Developer/Xcode/DerivedData/ThreeOneOSFive-gfwwzaakpyztkfcwhjgqewenjxvk/Build/Intermediates.noindex/ArchiveIntermediates/OGIOS/InstallationBuildProductsLocation/Applications/OGIOS.app/zh-Hans.lproj -- /Users/runner/work/dohoangvinh/dohoangvinh/ThreeOneOSFive/zh-Hans.lproj/Localizable.strings
/Users/runner/work/dohoangvinh/dohoangvinh/ThreeOneOSFive/zh-Hans.lproj/Localizable.strings:1:1: note: detected encoding of input file as Unicode (UTF-8) (in target 'OGIOS' from project 'ThreeOneOSFive')

CopyStringsFile /Users/runner/Library/Developer/Xcode/DerivedData/ThreeOneOSFive-gfwwzaakpyztkfcwhjgqewenjxvk/Build/Intermediates.noindex/ArchiveIntermediates/OGIOS/InstallationBuildProductsLocation/Applications/OGIOS.app/vi.lproj/Localizable.strings /Users/runner/work/dohoangvinh/dohoangvinh/ThreeOneOSFive/vi.lproj/Localizable.strings (in target 'OGIOS' from project 'ThreeOneOSFive')
    cd /Users/runner/work/dohoangvinh/dohoangvinh
    builtin-copyStrings --validate --outputencoding binary --outfilename Localizable.strings --outdir /Users/runner/Library/Developer/Xcode/DerivedData/ThreeOneOSFive-gfwwzaakpyztkfcwhjgqewenjxvk/Build/Intermediates.noindex/ArchiveIntermediates/OGIOS/InstallationBuildProductsLocation/Applications/OGIOS.app/vi.lproj -- /Users/runner/work/dohoangvinh/dohoangvinh/ThreeOneOSFive/vi.lproj/Localizable.strings
/Users/runner/work/dohoangvinh/dohoangvinh/ThreeOneOSFive/vi.lproj/Localizable.strings:1:1: note: detected encoding of input file as Unicode (UTF-8) (in target 'OGIOS' from project 'ThreeOneOSFive')

CopyStringsFile /Users/runner/Library/Developer/Xcode/DerivedData/ThreeOneOSFive-gfwwzaakpyztkfcwhjgqewenjxvk/Build/Intermediates.noindex/ArchiveIntermediates/OGIOS/InstallationBuildProductsLocation/Applications/OGIOS.app/es.lproj/Localizable.strings /Users/runner/work/dohoangvinh/dohoangvinh/ThreeOneOSFive/es.lproj/Localizable.strings (in target 'OGIOS' from project 'ThreeOneOSFive')
    cd /Users/runner/work/dohoangvinh/dohoangvinh
    builtin-copyStrings --validate --outputencoding binary --outfilename Localizable.strings --outdir /Users/runner/Library/Developer/Xcode/DerivedData/ThreeOneOSFive-gfwwzaakpyztkfcwhjgqewenjxvk/Build/Intermediates.noindex/ArchiveIntermediates/OGIOS/InstallationBuildProductsLocation/Applications/OGIOS.app/es.lproj -- /Users/runner/work/dohoangvinh/dohoangvinh/ThreeOneOSFive/es.lproj/Localizable.strings
/Users/runner/work/dohoangvinh/dohoangvinh/ThreeOneOSFive/es.lproj/Localizable.strings:1:1: note: detected encoding of input file as Unicode (UTF-8) (in target 'OGIOS' from project 'ThreeOneOSFive')

CopyStringsFile /Users/runner/Library/Developer/Xcode/DerivedData/ThreeOneOSFive-gfwwzaakpyztkfcwhjgqewenjxvk/Build/Intermediates.noindex/ArchiveIntermediates/OGIOS/InstallationBuildProductsLocation/Applications/OGIOS.app/en.lproj/Localizable.strings /Users/runner/work/dohoangvinh/dohoangvinh/ThreeOneOSFive/en.lproj/Localizable.strings (in target 'OGIOS' from project 'ThreeOneOSFive')
    cd /Users/runner/work/dohoangvinh/dohoangvinh
    builtin-copyStrings --validate --outputencoding binary --outfilename Localizable.strings --outdir /Users/runner/Library/Developer/Xcode/DerivedData/ThreeOneOSFive-gfwwzaakpyztkfcwhjgqewenjxvk/Build/Intermediates.noindex/ArchiveIntermediates/OGIOS/InstallationBuildProductsLocation/Applications/OGIOS.app/en.lproj -- /Users/runner/work/dohoangvinh/dohoangvinh/ThreeOneOSFive/en.lproj/Localizable.strings
/Users/runner/work/dohoangvinh/dohoangvinh/ThreeOneOSFive/en.lproj/Localizable.strings:1:1: note: detected encoding of input file as Unicode (UTF-8) (in target 'OGIOS' from project 'ThreeOneOSFive')

CompileAssetCatalogVariant thinned /Users/runner/Library/Developer/Xcode/DerivedData/ThreeOneOSFive-gfwwzaakpyztkfcwhjgqewenjxvk/Build/Intermediates.noindex/ArchiveIntermediates/OGIOS/InstallationBuildProductsLocation/Applications/OGIOS.app /Users/runner/work/dohoangvinh/dohoangvinh/ThreeOneOSFive/Assets.xcassets (in target 'OGIOS' from project 'ThreeOneOSFive')
    cd /Users/runner/work/dohoangvinh/dohoangvinh
    /Applications/Xcode_26.6.app/Contents/Developer/usr/bin/actool /Users/runner/work/dohoangvinh/dohoangvinh/ThreeOneOSFive/Assets.xcassets --compile /Users/runner/Library/Developer/Xcode/DerivedData/ThreeOneOSFive-gfwwzaakpyztkfcwhjgqewenjxvk/Build/Intermediates.noindex/ArchiveIntermediates/OGIOS/IntermediateBuildFilesPath/ThreeOneOSFive.build/Release-iphoneos/OGIOS.build/assetcatalog_output/thinned --output-format human-readable-text --notices --warnings --export-dependency-info /Users/runner/Library/Developer/Xcode/DerivedData/ThreeOneOSFive-gfwwzaakpyztkfcwhjgqewenjxvk/Build/Intermediates.noindex/ArchiveIntermediates/OGIOS/IntermediateBuildFilesPath/ThreeOneOSFive.build/Release-iphoneos/OGIOS.build/assetcatalog_dependencies_thinned --output-partial-info-plist /Users/runner/Library/Developer/Xcode/DerivedData/ThreeOneOSFive-gfwwzaakpyztkfcwhjgqewenjxvk/Build/Intermediates.noindex/ArchiveIntermediates/OGIOS/IntermediateBuildFilesPath/ThreeOneOSFive.build/Release-iphoneos/OGIOS.build/assetcatalog_generated_info.plist_thinned --app-icon AppIcon --compress-pngs --enable-on-demand-resources YES --development-region en --target-device iphone --target-device ipad --minimum-deployment-target 16.0 --platform iphoneos

SwiftDriver OGIOS normal arm64 com.apple.xcode.tools.swift.compiler (in target 'OGIOS' from project 'ThreeOneOSFive')
    cd /Users/runner/work/dohoangvinh/dohoangvinh
    builtin-SwiftDriver -- /Applications/Xcode_26.6.app/Contents/Developer/Toolchains/XcodeDefault.xctoolchain/usr/bin/swiftc -module-name OGIOS -O -whole-module-optimization @/Users/runner/Library/Developer/Xcode/DerivedData/ThreeOneOSFive-gfwwzaakpyztkfcwhjgqewenjxvk/Build/Intermediates.noindex/ArchiveIntermediates/OGIOS/IntermediateBuildFilesPath/ThreeOneOSFive.build/Release-iphoneos/OGIOS.build/Objects-normal/arm64/OGIOS.SwiftFileList -enable-bare-slash-regex -enable-experimental-feature DebugDescriptionMacro -sdk /Applications/Xcode_26.6.app/Contents/Developer/Platforms/iPhoneOS.platform/Developer/SDKs/iPhoneOS26.5.sdk -target arm64-apple-ios16.0 -g -module-cache-path /Users/runner/Library/Developer/Xcode/DerivedData/ModuleCache.noindex -Xfrontend -serialize-debugging-options -swift-version 5 -I /Users/runner/Library/Developer/Xcode/DerivedData/ThreeOneOSFive-gfwwzaakpyztkfcwhjgqewenjxvk/Build/Intermediates.noindex/ArchiveIntermediates/OGIOS/BuildProductsPath/Release-iphoneos -F /Users/runner/Library/Developer/Xcode/DerivedData/ThreeOneOSFive-gfwwzaakpyztkfcwhjgqewenjxvk/Build/Intermediates.noindex/ArchiveIntermediates/OGIOS/BuildProductsPath/Release-iphoneos -emit-localized-strings -emit-localized-strings-path /Users/runner/Library/Developer/Xcode/DerivedData/ThreeOneOSFive-gfwwzaakpyztkfcwhjgqewenjxvk/Build/Intermediates.noindex/ArchiveIntermediates/OGIOS/IntermediateBuildFilesPath/ThreeOneOSFive.build/Release-iphoneos/OGIOS.build/Objects-normal/arm64 -c -num-threads 3 -Xcc -ivfsstatcache -Xcc /Users/runner/Library/Developer/Xcode/DerivedData/SDKStatCaches.noindex/iphoneos26.5-23F81a-688ef53f1462e2c8f657fdc38a81448fee66e23052a0157c865c76b268046726.sdkstatcache -output-file-map /Users/runner/Library/Developer/Xcode/DerivedData/ThreeOneOSFive-gfwwzaakpyztkfcwhjgqewenjxvk/Build/Intermediates.noindex/ArchiveIntermediates/OGIOS/IntermediateBuildFilesPath/ThreeOneOSFive.build/Release-iphoneos/OGIOS.build/Objects-normal/arm64/OGIOS-OutputFileMap.json -use-frontend-parseable-output -save-temps -no-color-diagnostics -explicit-module-build -module-cache-path /Users/runner/Library/Developer/Xcode/DerivedData/ThreeOneOSFive-gfwwzaakpyztkfcwhjgqewenjxvk/Build/Intermediates.noindex/ArchiveIntermediates/OGIOS/IntermediateBuildFilesPath/SwiftExplicitPrecompiledModules -clang-scanner-module-cache-path /Users/runner/Library/Developer/Xcode/DerivedData/ModuleCache.noindex -sdk-module-cache-path /Users/runner/Library/Developer/Xcode/DerivedData/ModuleCache.noindex -serialize-diagnostics -emit-dependencies -emit-module -emit-module-path /Users/runner/Library/Developer/Xcode/DerivedData/ThreeOneOSFive-gfwwzaakpyztkfcwhjgqewenjxvk/Build/Intermediates.noindex/ArchiveIntermediates/OGIOS/IntermediateBuildFilesPath/ThreeOneOSFive.build/Release-iphoneos/OGIOS.build/Objects-normal/arm64/OGIOS.swiftmodule -validate-clang-modules-once -clang-build-session-file /Users/runner/Library/Developer/Xcode/DerivedData/ModuleCache.noindex/Session.modulevalidation -Xcc -I/Users/runner/Library/Developer/Xcode/DerivedData/ThreeOneOSFive-gfwwzaakpyztkfcwhjgqewenjxvk/Build/Intermediates.noindex/ArchiveIntermediates/OGIOS/IntermediateBuildFilesPath/ThreeOneOSFive.build/Release-iphoneos/OGIOS.build/swift-overrides.hmap -emit-const-values -Xfrontend -const-gather-protocols-file -Xfrontend /Users/runner/Library/Developer/Xcode/DerivedData/ThreeOneOSFive-gfwwzaakpyztkfcwhjgqewenjxvk/Build/Intermediates.noindex/ArchiveIntermediates/OGIOS/IntermediateBuildFilesPath/ThreeOneOSFive.build/Release-iphoneos/OGIOS.build/Objects-normal/arm64/OGIOS_const_extract_protocols.json -Xcc -iquote -Xcc /Users/runner/Library/Developer/Xcode/DerivedData/ThreeOneOSFive-gfwwzaakpyztkfcwhjgqewenjxvk/Build/Intermediates.noindex/ArchiveIntermediates/OGIOS/IntermediateBuildFilesPath/ThreeOneOSFive.build/Release-iphoneos/OGIOS.build/OGIOS-generated-files.hmap -Xcc -I/Users/runner/Library/Developer/Xcode/DerivedData/ThreeOneOSFive-gfwwzaakpyztkfcwhjgqewenjxvk/Build/Intermediates.noindex/ArchiveIntermediates/OGIOS/IntermediateBuildFilesPath/ThreeOneOSFive.build/Release-iphoneos/OGIOS.build/OGIOS-own-target-headers.hmap -Xcc -I/Users/runner/Library/Developer/Xcode/DerivedData/ThreeOneOSFive-gfwwzaakpyztkfcwhjgqewenjxvk/Build/Intermediates.noindex/ArchiveIntermediates/OGIOS/IntermediateBuildFilesPath/ThreeOneOSFive.build/Release-iphoneos/OGIOS.build/OGIOS-all-target-headers.hmap -Xcc -iquote -Xcc /Users/runner/Library/Developer/Xcode/DerivedData/ThreeOneOSFive-gfwwzaakpyztkfcwhjgqewenjxvk/Build/Intermediates.noindex/ArchiveIntermediates/OGIOS/IntermediateBuildFilesPath/ThreeOneOSFive.build/Release-iphoneos/OGIOS.build/OGIOS-project-headers.hmap -Xcc -I/Users/runner/Library/Developer/Xcode/DerivedData/ThreeOneOSFive-gfwwzaakpyztkfcwhjgqewenjxvk/Build/Intermediates.noindex/ArchiveIntermediates/OGIOS/BuildProductsPath/Release-iphoneos/include -Xcc -I/Users/runner/Library/Developer/Xcode/DerivedData/ThreeOneOSFive-gfwwzaakpyztkfcwhjgqewenjxvk/Build/Intermediates.noindex/ArchiveIntermediates/OGIOS/IntermediateBuildFilesPath/ThreeOneOSFive.build/Release-iphoneos/OGIOS.build/DerivedSources-normal/arm64 -Xcc -I/Users/runner/Library/Developer/Xcode/DerivedData/ThreeOneOSFive-gfwwzaakpyztkfcwhjgqewenjxvk/Build/Intermediates.noindex/ArchiveIntermediates/OGIOS/IntermediateBuildFilesPath/ThreeOneOSFive.build/Release-iphoneos/OGIOS.build/DerivedSources/arm64 -Xcc -I/Users/runner/Library/Developer/Xcode/DerivedData/ThreeOneOSFive-gfwwzaakpyztkfcwhjgqewenjxvk/Build/Intermediates.noindex/ArchiveIntermediates/OGIOS/IntermediateBuildFilesPath/ThreeOneOSFive.build/Release-iphoneos/OGIOS.build/DerivedSources -emit-objc-header -emit-objc-header-path /Users/runner/Library/Developer/Xcode/DerivedData/ThreeOneOSFive-gfwwzaakpyztkfcwhjgqewenjxvk/Build/Intermediates.noindex/ArchiveIntermediates/OGIOS/IntermediateBuildFilesPath/ThreeOneOSFive.build/Release-iphoneos/OGIOS.build/Objects-normal/arm64/OGIOS-Swift.h -import-objc-header /Users/runner/work/dohoangvinh/dohoangvinh/ThreeOneOSFive/ThreeOneOSFive-Bridging-Header.h -working-directory /Users/runner/work/dohoangvinh/dohoangvinh -no-emit-module-separately-wmo

error: unexpected service error: The Xcode build system has crashed. Build again to continue.
** ARCHIVE FAILED **


The following build commands failed:
	CompileAssetCatalogVariant thinned /Users/runner/Library/Developer/Xcode/DerivedData/ThreeOneOSFive-gfwwzaakpyztkfcwhjgqewenjxvk/Build/Intermediates.noindex/ArchiveIntermediates/OGIOS/InstallationBuildProductsLocation/Applications/OGIOS.app /Users/runner/work/dohoangvinh/dohoangvinh/ThreeOneOSFive/Assets.xcassets (in target 'OGIOS' from project 'ThreeOneOSFive')
	SwiftDriver OGIOS normal arm64 com.apple.xcode.tools.swift.compiler (in target 'OGIOS' from project 'ThreeOneOSFive')
	Archiving project ThreeOneOSFive with scheme OGIOS
(3 failures)
